[2023-10-12 13:38:07,784: INFO: main: Welcome to our log2]
[2023-10-12 15:04:42,521: INFO: main: >>>>>> stage Data Ingestion stage started <<<<<<]
[2023-10-12 15:04:42,524: INFO: common: yaml file: config/config.yaml loaded successfully]
[2023-10-12 15:04:42,525: INFO: common: yaml file: params.yaml loaded successfully]
[2023-10-12 15:04:42,525: ERROR: main: yaml file is empty]
Traceback (most recent call last):
  File "/Users/bmj/Documents/mlops_test/kidney-disease-dl-proj/src/cnnClassifier/utils/common.py", line 33, in read_yaml
    return ConfigBox(content)
  File "box/box.py", line 247, in box.box.Box.__init__
box.exceptions.BoxValueError: Cannot extrapolate Box from string

During handling of the above exception, another exception occurred:

Traceback (most recent call last):
  File "/Users/bmj/Documents/mlops_test/kidney-disease-dl-proj/main.py", line 14, in <module>
    data_ingestion.main()
  File "/Users/bmj/Documents/mlops_test/kidney-disease-dl-proj/src/cnnClassifier/pipeline/stage_01_data_ingestion.py", line 13, in main
    config = ConfigurationManager()
  File "/Users/bmj/Documents/mlops_test/kidney-disease-dl-proj/src/cnnClassifier/config/configuration.py", line 15, in __init__
    self.params = read_yaml(params_filepath)
  File "/usr/local/lib/python3.10/site-packages/ensure/main.py", line 849, in __call__
    return_val = self.f(*args, **kwargs)
  File "/Users/bmj/Documents/mlops_test/kidney-disease-dl-proj/src/cnnClassifier/utils/common.py", line 35, in read_yaml
    raise ValueError("yaml file is empty")
ValueError: yaml file is empty
[2023-10-12 15:05:14,324: INFO: main: >>>>>> stage Data Ingestion stage started <<<<<<]
[2023-10-12 15:05:14,325: INFO: common: yaml file: config/config.yaml loaded successfully]
[2023-10-12 15:05:14,326: INFO: common: yaml file: params.yaml loaded successfully]
[2023-10-12 15:05:14,326: INFO: common: created directory at: artifacts]
[2023-10-12 15:05:14,326: INFO: common: created directory at: artifacts/data_ingestion]
[2023-10-12 15:05:14,326: INFO: data_ingestion: Downloading data from https://drive.google.com/file/d/1RK33znhPOLPNgdm19AIQ0Ah_iabqEcPO/view?usp=sharing into file artifacts/data_ingestion/data.zip]
[2023-10-12 15:05:37,848: INFO: data_ingestion: Downloaded data from https://drive.google.com/file/d/1RK33znhPOLPNgdm19AIQ0Ah_iabqEcPO/view?usp=sharing into file artifacts/data_ingestion/data.zip]
[2023-10-12 15:06:00,716: INFO: main: >>>>>> stage Data Ingestion stage completed <<<<<<

x==========x]
